<?xml version="1.0" encoding="utf-8"?><testsuites name="pytest tests"><testsuite name="pytest" errors="1" failures="0" skipped="0" tests="1" time="0.143" timestamp="2026-01-23T14:30:54.584826+01:00" hostname="DESKTOP-ISVCS1P"><testcase classname="tests.acceptance.test_hydration_acceptance" name="test_user_can_log_hydration_and_see_total_for_today" time="0.001"><error message="failed on setup with &quot;file E:\SZAKDOGA\1-sprint-BalazsFoldes\tests\acceptance\test_hydration_acceptance.py, line 1&#10;  def test_user_can_log_hydration_and_see_total_for_today(client, auth_user):&#10;E       fixture 'client' not found&#10;&gt;       available fixtures: anyio_backend, anyio_backend_name, anyio_backend_options, cache, capfd, capfdbinary, caplog, capsys, capsysbinary, capteesys, cov, doctest_namespace, free_tcp_port, free_tcp_port_factory, free_udp_port, free_udp_port_factory, monkeypatch, no_cover, pytestconfig, record_property, record_testsuite_property, record_xml_attribute, recwarn, subtests, tmp_path, tmp_path_factory, tmpdir, tmpdir_factory&#10;&gt;       use 'pytest --fixtures [testpath]' for help on them.&#10;&#10;E:\SZAKDOGA\1-sprint-BalazsFoldes\tests\acceptance\test_hydration_acceptance.py:1&quot;">file E:\SZAKDOGA\1-sprint-BalazsFoldes\tests\acceptance\test_hydration_acceptance.py, line 1
  def test_user_can_log_hydration_and_see_total_for_today(client, auth_user):
E       fixture 'client' not found
&gt;       available fixtures: anyio_backend, anyio_backend_name, anyio_backend_options, cache, capfd, capfdbinary, caplog, capsys, capsysbinary, capteesys, cov, doctest_namespace, free_tcp_port, free_tcp_port_factory, free_udp_port, free_udp_port_factory, monkeypatch, no_cover, pytestconfig, record_property, record_testsuite_property, record_xml_attribute, recwarn, subtests, tmp_path, tmp_path_factory, tmpdir, tmpdir_factory
&gt;       use 'pytest --fixtures [testpath]' for help on them.

E:\SZAKDOGA\1-sprint-BalazsFoldes\tests\acceptance\test_hydration_acceptance.py:1</error></testcase></testsuite></testsuites>